Archive member included to satisfy reference by file (symbol)

d:/atmel studio/7.0/toolchain/avr8/avr8-gnu-toolchain/bin/../lib/gcc/avr/5.4.0/../../../../avr/lib/avr6\libm.a(fixsfsi.o)
                              HumidityTempHandler.o (__fixsfsi)
d:/atmel studio/7.0/toolchain/avr8/avr8-gnu-toolchain/bin/../lib/gcc/avr/5.4.0/../../../../avr/lib/avr6\libm.a(fixunssfsi.o)
                              HumidityTempHandler.o (__fixunssfsi)
d:/atmel studio/7.0/toolchain/avr8/avr8-gnu-toolchain/bin/../lib/gcc/avr/5.4.0/../../../../avr/lib/avr6\libm.a(fp_split3.o)
                              d:/atmel studio/7.0/toolchain/avr8/avr8-gnu-toolchain/bin/../lib/gcc/avr/5.4.0/../../../../avr/lib/avr6\libm.a(fixunssfsi.o) (__fp_splitA)
d:/atmel studio/7.0/toolchain/avr8/avr8-gnu-toolchain/bin/../lib/gcc/avr/5.4.0/../../../../avr/lib/avr6\libm.a(fp_zero.o)
                              d:/atmel studio/7.0/toolchain/avr8/avr8-gnu-toolchain/bin/../lib/gcc/avr/5.4.0/../../../../avr/lib/avr6\libm.a(fixunssfsi.o) (__fp_zero)
../drivers\libIotLibrary.a(hal.o)
                              main.o (hal_create)
../drivers\libIotLibrary.a(hih8120.o)
                              HumidityTempHandler.o (hih8120Create)
../drivers\libIotLibrary.a(led.o)
                              ../drivers\libIotLibrary.a(hal.o) (led_create)
../drivers\libIotLibrary.a(lora_driver.o)
                              drivers/docs/example/loraWANHandler.o (lora_driver_flush_buffers)
../drivers\libIotLibrary.a(lora_driver_utils.o)
                              ../drivers\libIotLibrary.a(lora_driver.o) (decode_port_no)
../drivers\libIotLibrary.a(mega_register_access.o)
                              ../drivers\libIotLibrary.a(hal.o) (reg_read_register)
../drivers\libIotLibrary.a(mh_z19.o)
                              CO2Handler.o (mh_z19_create)
../drivers\libIotLibrary.a(serial.o)
                              ../drivers\libIotLibrary.a(lora_driver.o) (serial_new_instance)
../drivers\libIotLibrary.a(stdio_driver.o)
                              main.o (stdioCreate)
../drivers\libIotLibrary.a(twi.o)
                              ../drivers\libIotLibrary.a(hih8120.o) (twiCreate)
../drivers\libIotLibrary.a(fifo.o)
                              ../drivers\libIotLibrary.a(serial.o) (fifo_init)
d:/atmel studio/7.0/toolchain/avr8/avr8-gnu-toolchain/bin/../lib/gcc/avr/5.4.0/../../../../avr/lib/avr6\libm.a(addsf3.o)
                              ../drivers\libIotLibrary.a(hih8120.o) (__subsf3)
d:/atmel studio/7.0/toolchain/avr8/avr8-gnu-toolchain/bin/../lib/gcc/avr/5.4.0/../../../../avr/lib/avr6\libm.a(addsf3x.o)
                              d:/atmel studio/7.0/toolchain/avr8/avr8-gnu-toolchain/bin/../lib/gcc/avr/5.4.0/../../../../avr/lib/avr6\libm.a(addsf3.o) (__addsf3x)
d:/atmel studio/7.0/toolchain/avr8/avr8-gnu-toolchain/bin/../lib/gcc/avr/5.4.0/../../../../avr/lib/avr6\libm.a(divsf3.o)
                              ../drivers\libIotLibrary.a(hih8120.o) (__divsf3)
d:/atmel studio/7.0/toolchain/avr8/avr8-gnu-toolchain/bin/../lib/gcc/avr/5.4.0/../../../../avr/lib/avr6\libm.a(divsf3x.o)
                              d:/atmel studio/7.0/toolchain/avr8/avr8-gnu-toolchain/bin/../lib/gcc/avr/5.4.0/../../../../avr/lib/avr6\libm.a(divsf3.o) (__divsf3x)
d:/atmel studio/7.0/toolchain/avr8/avr8-gnu-toolchain/bin/../lib/gcc/avr/5.4.0/../../../../avr/lib/avr6\libm.a(floatsisf.o)
                              ../drivers\libIotLibrary.a(hih8120.o) (__floatunsisf)
d:/atmel studio/7.0/toolchain/avr8/avr8-gnu-toolchain/bin/../lib/gcc/avr/5.4.0/../../../../avr/lib/avr6\libm.a(fp_inf.o)
                              d:/atmel studio/7.0/toolchain/avr8/avr8-gnu-toolchain/bin/../lib/gcc/avr/5.4.0/../../../../avr/lib/avr6\libm.a(addsf3x.o) (__fp_inf)
d:/atmel studio/7.0/toolchain/avr8/avr8-gnu-toolchain/bin/../lib/gcc/avr/5.4.0/../../../../avr/lib/avr6\libm.a(fp_nan.o)
                              d:/atmel studio/7.0/toolchain/avr8/avr8-gnu-toolchain/bin/../lib/gcc/avr/5.4.0/../../../../avr/lib/avr6\libm.a(addsf3x.o) (__fp_nan)
d:/atmel studio/7.0/toolchain/avr8/avr8-gnu-toolchain/bin/../lib/gcc/avr/5.4.0/../../../../avr/lib/avr6\libm.a(fp_pscA.o)
                              d:/atmel studio/7.0/toolchain/avr8/avr8-gnu-toolchain/bin/../lib/gcc/avr/5.4.0/../../../../avr/lib/avr6\libm.a(addsf3x.o) (__fp_pscA)
d:/atmel studio/7.0/toolchain/avr8/avr8-gnu-toolchain/bin/../lib/gcc/avr/5.4.0/../../../../avr/lib/avr6\libm.a(fp_pscB.o)
                              d:/atmel studio/7.0/toolchain/avr8/avr8-gnu-toolchain/bin/../lib/gcc/avr/5.4.0/../../../../avr/lib/avr6\libm.a(addsf3x.o) (__fp_pscB)
d:/atmel studio/7.0/toolchain/avr8/avr8-gnu-toolchain/bin/../lib/gcc/avr/5.4.0/../../../../avr/lib/avr6\libm.a(fp_round.o)
                              d:/atmel studio/7.0/toolchain/avr8/avr8-gnu-toolchain/bin/../lib/gcc/avr/5.4.0/../../../../avr/lib/avr6\libm.a(addsf3.o) (__fp_round)
[...]
Memory Configuration

Name             Origin             Length             Attributes
text             0x00000000         0x00100000         xr
data             0x00800200         0x0000fe00         rw !x
eeprom           0x00810000         0x00010000         rw !x
fuse             0x00820000         0x00000003         rw !x
lock             0x00830000         0x00000400         rw !x
signature        0x00840000         0x00000400         rw !x
user_signatures  0x00850000         0x00000400         rw !x
*default*        0x00000000         0xffffffff

Linker script and memory map

Address of section .data set to 0x800200
LOAD D:/Atmel studio/7.0/Packs/atmel/ATmega_DFP/1.3.300/gcc/dev/atmega2560/avr6/crtatmega2560.o
LOAD CO2Handler.o
LOAD drivers/docs/example/loraWANHandler.o
LOAD ServoHandler.o
LOAD FreeRTOS/FreeRTOSTraceDriver/FreeRTOSTraceDriver.o
LOAD FreeRTOS/src/croutine.o
LOAD FreeRTOS/src/event_groups.o
LOAD FreeRTOS/src/heap_4.o
LOAD FreeRTOS/src/list.o
LOAD FreeRTOS/src/port.o
LOAD FreeRTOS/src/queue.o
LOAD FreeRTOS/src/stream_buffer.o
LOAD FreeRTOS/src/tasks.o
LOAD FreeRTOS/src/timers.o
LOAD FreeRTOS/src/variantHooks.o
LOAD HumidityTempHandler.o
LOAD main.o
START GROUP
LOAD d:/atmel studio/7.0/toolchain/avr8/avr8-gnu-toolchain/bin/../lib/gcc/avr/5.4.0/../../../../avr/lib/avr6\libm.a
LOAD ../drivers\libIotLibrary.a
END GROUP
START GROUP
LOAD d:/atmel studio/7.0/toolchain/avr8/avr8-gnu-toolchain/bin/../lib/gcc/avr/5.4.0/avr6\libgcc.a
LOAD d:/atmel studio/7.0/toolchain/avr8/avr8-gnu-toolchain/bin/../lib/gcc/avr/5.4.0/../../../../avr/lib/avr6\libm.a
LOAD d:/atmel studio/7.0/toolchain/avr8/avr8-gnu-toolchain/bin/../lib/gcc/avr/5.4.0/../../../../avr/lib/avr6\libc.a
LOAD D:/Atmel studio/7.0/Packs/atmel/ATmega_DFP/1.3.300/gcc/dev/atmega2560/avr6\libatmega2560.a
END GROUP
                0x00000000                __TEXT_REGION_ORIGIN__ = DEFINED (__TEXT_REGION_ORIGIN__)?__TEXT_REGION_ORIGIN__:0x0
                0x00800200                __DATA_REGION_ORIGIN__ = DEFINED (__DATA_REGION_ORIGIN__)?__DATA_REGION_ORIGIN__:0x800200
                0x00100000                __TEXT_REGION_LENGTH__ = DEFINED (__TEXT_REGION_LENGTH__)?__TEXT_REGION_LENGTH__:0x100000
                0x0000fe00                __DATA_REGION_LENGTH__ = DEFINED (__DATA_REGION_LENGTH__)?__DATA_REGION_LENGTH__:0xfe00
                0x00010000                __EEPROM_REGION_LENGTH__ = DEFINED (__EEPROM_REGION_LENGTH__)?__EEPROM_REGION_LENGTH__:0x10000
                [0x00000003]                __FUSE_REGION_LENGTH__ = DEFINED (__FUSE_REGION_LENGTH__)?__FUSE_REGION_LENGTH__:0x400
                0x00000400                __LOCK_REGION_LENGTH__ = DEFINED (__LOCK_REGION_LENGTH__)?__LOCK_REGION_LENGTH__:0x400
                0x00000400                __SIGNATURE_REGION_LENGTH__ = DEFINED (__SIGNATURE_REGION_LENGTH__)?__SIGNATURE_REGION_LENGTH__:0x400
                0x00000400                __USER_SIGNATURE_REGION_LENGTH__ = DEFINED (__USER_SIGNATURE_REGION_LENGTH__)?__USER_SIGNATURE_REGION_LENGTH__:0x400

.hash
 *(.hash)

.dynsym
 *(.dynsym)

.dynstr
 *(.dynstr)

.gnu.version
 *(.gnu.version)

.gnu.version_d
 *(.gnu.version_d)

.gnu.version_r
 *(.gnu.version_r)

.rel.init
 *(.rel.init)

.rela.init
 *(.rela.init)

.rel.text
 *(.rel.text)
 *(.rel.text.*)
 *(.rel.gnu.linkonce.t*)

.rela.text
 *(.rela.text)
 *(.rela.text.*)
 *(.rela.gnu.linkonce.t*)

.rel.fini
 *(.rel.fini)

.rela.fini
 *(.rela.fini)

.rel.rodata
 *(.rel.rodata)
 *(.rel.rodata.*)
 *(.rel.gnu.linkonce.r*)

.rela.rodata
 *(.rela.rodata)
 *(.rela.rodata.*)
 *(.rela.gnu.linkonce.r*)

.rel.data
 *(.rel.data)
 *(.rel.data.*)
 *(.rel.gnu.linkonce.d*)

.rela.data
 *(.rela.data)
 *(.rela.data.*)
 *(.rela.gnu.linkonce.d*)

.rel.ctors
 *(.rel.ctors)

.rela.ctors
 *(.rela.ctors)

.rel.dtors
 *(.rel.dtors)

.rela.dtors
 *(.rela.dtors)

.rel.got
 *(.rel.got)

.rela.got
 *(.rela.got)

.rel.bss
 *(.rel.bss)

.rela.bss
 *(.rela.bss)

.rel.plt
 *(.rel.plt)

.rela.plt
 *(.rela.plt)

.text           0x00000000     0x56c4
 *(.vectors)
 .vectors       0x00000000       0xe4 D:/Atmel studio/7.0/Packs/atmel/ATmega_DFP/1.3.300/gcc/dev/atmega2560/avr6/crtatmega2560.o
                0x00000000                __vector_default
                0x00000000                __vectors
 *(.vectors)
 *(.progmem.gcc*)
 .progmem.gcc_sw_table
                0x000000e4       0x14 FreeRTOS/src/timers.o
 .progmem.gcc_sw_table.__vector_39
                0x000000f8       0xa2 ../drivers\libIotLibrary.a(twi.o)
                0x0000019a                . = ALIGN (0x2)
                0x0000019a                __trampolines_start = .
 *(.trampolines)
 .trampolines   0x0000019a        0x0 linker stubs
 *(.trampolines*)
                0x0000019a                __trampolines_end = .
 *libprintf_flt.a:*(.progmem.data)
 *libc.a:*(.progmem.data)
 *(.progmem*)
                0x0000019a                . = ALIGN (0x2)
 *(.jumptables)
 *(.jumptables*)
 *(.lowtext)
 .lowtext       0x0000019a       0x6c FreeRTOS/src/tasks.o
 .lowtext       0x00000206      0x28a FreeRTOS/src/timers.o
 *(.lowtext*)
                0x00000490                __ctors_start = .
 *(.ctors)
                0x00000490                __ctors_end = .
                0x00000490                __dtors_start = .
 *(.dtors)
                0x00000490                __dtors_end = .
 SORT(*)(.ctors)
 SORT(*)(.dtors)
 *(.init0)
 .init0         0x00000490        0x0 D:/Atmel studio/7.0/Packs/atmel/ATmega_DFP/1.3.300/gcc/dev/atmega2560/avr6/crtatmega2560.o
                0x00000490                __init
 *(.init0)
 *(.init1)
 *(.init1)
 *(.init2)
 .init2         0x00000490       0x10 D:/Atmel studio/7.0/Packs/atmel/ATmega_DFP/1.3.300/gcc/dev/atmega2560/avr6/crtatmega2560.o
 *(.init2)
 *(.init3)
 *(.init3)
 *(.init4)
 .init4         0x000004a0       0x1a d:/atmel studio/7.0/toolchain/avr8/avr8-gnu-toolchain/bin/../lib/gcc/avr/5.4.0/avr6\libgcc.a(_copy_data.o)
                0x000004a0                __do_copy_data
 .init4         0x000004ba       0x10 d:/atmel studio/7.0/toolchain/avr8/avr8-gnu-toolchain/bin/../lib/gcc/avr/5.4.0/avr6\libgcc.a(_clear_bss.o)
                0x000004ba                __do_clear_bss
 *(.init4)
 *(.init5)
 *(.init5)
 *(.init6)
 *(.init6)
 *(.init7)
 *(.init7)
 *(.init8)
 *(.init8)
 *(.init9)
 .init9         0x000004ca        0x8 D:/Atmel studio/7.0/Packs/atmel/ATmega_DFP/1.3.300/gcc/dev/atmega2560/avr6/crtatmega2560.o
 *(.init9)
 *(.text)
 .text          0x000004d2        0x2 D:/Atmel studio/7.0/Packs/atmel/ATmega_DFP/1.3.300/gcc/dev/atmega2560/avr6/crtatmega2560.o
                0x000004d2                __vector_38
                0x000004d2                __vector_22
                0x000004d2                __vector_28
                0x000004d2                __vector_1
                0x000004d2                __vector_32
                0x000004d2                __vector_34
                0x000004d2                __vector_24
                0x000004d2                __vector_46
                0x000004d2                __bad_interrupt
                0x000004d2                __vector_6
                0x000004d2                __vector_31
                0x000004d2                __vector_35
                0x000004d2                __vector_3
                0x000004d2                __vector_23
                0x000004d2                __vector_30
                0x000004d2                __vector_45
                0x000004d2                __vector_11
                0x000004d2                __vector_13
                0x000004d2                __vector_17
                0x000004d2                __vector_19
                0x000004d2                __vector_56
                0x000004d2                __vector_7
                0x000004d2                __vector_49
                0x000004d2                __vector_41
                0x000004d2                __vector_43
                0x000004d2                __vector_27
                0x000004d2                __vector_5
                0x000004d2                __vector_33
                0x000004d2                __vector_47
                0x000004d2                __vector_4
                0x000004d2                __vector_44
                0x000004d2                __vector_9
                0x000004d2                __vector_2
                0x000004d2                __vector_21
                0x000004d2                __vector_15
                0x000004d2                __vector_29
                0x000004d2                __vector_40
                0x000004d2                __vector_8
                0x000004d2                __vector_48
                0x000004d2                __vector_14
                0x000004d2                __vector_53
                0x000004d2                __vector_10
                0x000004d2                __vector_50
                0x000004d2                __vector_16
                0x000004d2                __vector_18
                0x000004d2                __vector_20
                0x000004d2                __vector_42
                0x000004d4                . = ALIGN (0x2)
 *(.text.*)
 .text.callbackFunction
                0x000004d4        0xa CO2Handler.o
                0x000004d4                callbackFunction
 .text.CO2_handler_task
                0x000004de       0x4e CO2Handler.o
                0x000004de                CO2_handler_task
 .text.CO2Handler_create
                0x0000052c       0x40 CO2Handler.o
                0x0000052c                CO2Handler_create
 .text.getCO2lvl
                0x0000056c        0xa CO2Handler.o
                0x0000056c                getCO2lvl
 .text.lora_handler_task
                0x00000576      0x248 drivers/docs/example/loraWANHandler.o
                0x00000576                lora_handler_task
 .text.lora_handler_create
                0x000007be       0x28 drivers/docs/example/loraWANHandler.o
                0x000007be                lora_handler_create
 .text.trace_init
                0x000007e6        0xc FreeRTOS/FreeRTOSTraceDriver/FreeRTOSTraceDriver.o
                0x000007e6                trace_init
 .text.task_switch_in
                0x000007f2       0x14 FreeRTOS/FreeRTOSTraceDriver/FreeRTOSTraceDriver.o
                0x000007f2                task_switch_in
 .text.task_switch_out
                0x00000806        0xc FreeRTOS/FreeRTOSTraceDriver/FreeRTOSTraceDriver.o
                0x00000806                task_switch_out
 .text.prvInsertBlockIntoFreeList
                0x00000812       0x9a FreeRTOS/src/heap_4.o
 .text.pvPortMalloc
                0x000008ac      0x172 FreeRTOS/src/heap_4.o
                0x000008ac                pvPortMalloc
 .text.vPortFree
                0x00000a1e       0x62 FreeRTOS/src/heap_4.o
                0x00000a1e                vPortFree
 .text.vListInitialise
                0x00000a80       0x22 FreeRTOS/src/list.o
                0x00000a80                vListInitialise
 .text.vListInitialiseItem
                0x00000aa2        0x8 FreeRTOS/src/list.o
                0x00000aa2                vListInitialiseItem
 .text.vListInsertEnd
                0x00000aaa       0x42 FreeRTOS/src/list.o
                0x00000aaa                vListInsertEnd
 .text.vListInsert
                0x00000aec       0x7a FreeRTOS/src/list.o
                0x00000aec                vListInsert
 .text.uxListRemove
                0x00000b66       0x4e FreeRTOS/src/list.o
                0x00000b66                uxListRemove
 .text.pxPortInitialiseStack
                0x00000bb4       0xe4 FreeRTOS/src/port.o
                0x00000bb4                pxPortInitialiseStack
 .text.xPortStartScheduler
                0x00000c98       0x78 FreeRTOS/src/port.o
                0x00000c98                xPortStartScheduler
 .text.vPortYield
                0x00000d10       0xc2 FreeRTOS/src/port.o
                0x00000d10                vPortYield
 .text.vPortYieldFromTick
                0x00000dd2       0xca FreeRTOS/src/port.o
                0x00000dd2                vPortYieldFromTick
 .text.__vector_12
                0x00000e9c        0x4 FreeRTOS/src/port.o
                0x00000e9c                __vector_12
 .text.prvIsQueueEmpty
                0x00000ea0       0x16 FreeRTOS/src/queue.o
 .text.prvCopyDataToQueue
                0x00000eb6       0xbe FreeRTOS/src/queue.o
 .text.prvCopyDataFromQueue
                0x00000f74       0x34 FreeRTOS/src/queue.o
 .text.prvUnlockQueue
                0x00000fa8       0x9a FreeRTOS/src/queue.o
 .text.xQueueGenericReset
                0x00001042       0x86 FreeRTOS/src/queue.o
                0x00001042                xQueueGenericReset
 .text.xQueueGenericCreate
                0x000010c8       0x5c FreeRTOS/src/queue.o
                0x000010c8                xQueueGenericCreate
 .text.xQueueGenericSend
                0x00001124      0x140 FreeRTOS/src/queue.o
                0x00001124                xQueueGenericSend
 .text.xQueueCreateMutex
                0x00001264       0x36 FreeRTOS/src/queue.o
                0x00001264                xQueueCreateMutex
 .text.xQueueGenericSendFromISR
                0x0000129a       0x72 FreeRTOS/src/queue.o
                0x0000129a                xQueueGenericSendFromISR
 .text.xQueueReceive
                0x0000130c      0x12e FreeRTOS/src/queue.o
                0x0000130c                xQueueReceive
 .text.vQueueWaitForMessageRestricted
                0x0000143a       0x36 FreeRTOS/src/queue.o
                0x0000143a                vQueueWaitForMessageRestricted
 .text.prvBytesInBuffer
                0x00001470       0x26 FreeRTOS/src/stream_buffer.o
 .text.prvWriteBytesToBuffer
                0x00001496       0x92 FreeRTOS/src/stream_buffer.o
 .text.prvWriteMessageToBuffer
                0x00001528       0x80 FreeRTOS/src/stream_buffer.o
 .text.prvReadBytesFromBuffer
                0x000015a8       0x9c FreeRTOS/src/stream_buffer.o
 .text.xStreamBufferGenericCreate
                0x00001644       0x58 FreeRTOS/src/stream_buffer.o
                0x00001644                xStreamBufferGenericCreate
 .text.xStreamBufferReset
                0x0000169c       0x5a FreeRTOS/src/stream_buffer.o
                0x0000169c                xStreamBufferReset
 .text.xStreamBufferSpacesAvailable
                0x000016f6       0x24 FreeRTOS/src/stream_buffer.o
                0x000016f6                xStreamBufferSpacesAvailable
 .text.xStreamBufferSend
                0x0000171a      0x152 FreeRTOS/src/stream_buffer.o
                0x0000171a                xStreamBufferSend
 .text.xStreamBufferSendFromISR
                0x0000186c       0x84 FreeRTOS/src/stream_buffer.o
                0x0000186c                xStreamBufferSendFromISR
 .text.xStreamBufferReceive
                0x000018f0      0x142 FreeRTOS/src/stream_buffer.o
                0x000018f0                xStreamBufferReceive
 .text.prvResetNextTaskUnblockTime
                0x00001a32       0x54 FreeRTOS/src/tasks.o
 .text.prvAddCurrentTaskToDelayedList
                0x00001a86       0xec FreeRTOS/src/tasks.o
 .text.xTaskCreate
                0x00001b72      0x23e FreeRTOS/src/tasks.o
                0x00001b72                xTaskCreate
 .text.vTaskStartScheduler
                0x00001db0       0x78 FreeRTOS/src/tasks.o
                0x00001db0                vTaskStartScheduler
 .text.vTaskSuspendAll
                0x00001e28        0xc FreeRTOS/src/tasks.o
                0x00001e28                vTaskSuspendAll
 .text.xTaskGetTickCount
                0x00001e34       0x1c FreeRTOS/src/tasks.o
                0x00001e34                xTaskGetTickCount
 .text.xTaskIncrementTick
                0x00001e50      0x1aa FreeRTOS/src/tasks.o
                0x00001e50                xTaskIncrementTick
 .text.xTaskResumeAll
                0x00001ffa       0xf8 FreeRTOS/src/tasks.o
                0x00001ffa                xTaskResumeAll
 .text.vTaskDelayUntil
                0x000020f2       0xbc FreeRTOS/src/tasks.o
                0x000020f2                vTaskDelayUntil
 .text.vTaskDelay
                0x000021ae       0x32 FreeRTOS/src/tasks.o
                0x000021ae                vTaskDelay
 .text.vTaskSwitchContext
                0x000021e0       0xfe FreeRTOS/src/tasks.o
                0x000021e0                vTaskSwitchContext
 .text.vTaskPlaceOnEventList
                0x000022de       0x2e FreeRTOS/src/tasks.o
                0x000022de                vTaskPlaceOnEventList
 .text.vTaskPlaceOnEventListRestricted
                0x0000230c       0x40 FreeRTOS/src/tasks.o
                0x0000230c                vTaskPlaceOnEventListRestricted
 .text.xTaskRemoveFromEventList
                0x0000234c       0x84 FreeRTOS/src/tasks.o
                0x0000234c                xTaskRemoveFromEventList
 .text.vTaskSetTimeOutState
                0x000023d0       0x2c FreeRTOS/src/tasks.o
                0x000023d0                vTaskSetTimeOutState
 .text.vTaskInternalSetTimeOutState
                0x000023fc       0x22 FreeRTOS/src/tasks.o
                0x000023fc                vTaskInternalSetTimeOutState
 .text.xTaskCheckForTimeOut
                0x0000241e       0xaa FreeRTOS/src/tasks.o
                0x0000241e                xTaskCheckForTimeOut
 .text.vTaskMissedYield
                0x000024c8        0x8 FreeRTOS/src/tasks.o
                0x000024c8                vTaskMissedYield
 .text.xTaskGetCurrentTaskHandle
                0x000024d0        0xa FreeRTOS/src/tasks.o
                0x000024d0                xTaskGetCurrentTaskHandle
 .text.xTaskGetSchedulerState
                0x000024da       0x1c FreeRTOS/src/tasks.o
                0x000024da                xTaskGetSchedulerState
 .text.xTaskPriorityDisinherit
                0x000024f6       0x80 FreeRTOS/src/tasks.o
                0x000024f6                xTaskPriorityDisinherit
 .text.xTaskNotifyWait
                0x00002576      0x114 FreeRTOS/src/tasks.o
                0x00002576                xTaskNotifyWait
 .text.xTaskGenericNotify
                0x0000268a       0xf0 FreeRTOS/src/tasks.o
                0x0000268a                xTaskGenericNotify
 .text.xTaskGenericNotifyFromISR
                0x0000277a      0x112 FreeRTOS/src/tasks.o
                0x0000277a                xTaskGenericNotifyFromISR
 .text.xTaskNotifyStateClear
                0x0000288c       0x28 FreeRTOS/src/tasks.o
                0x0000288c                xTaskNotifyStateClear
 .text.prvInsertTimerInActiveList
                0x000028b4       0x92 FreeRTOS/src/timers.o
 .text.prvCheckForValidListAndQueue
                0x00002946       0x52 FreeRTOS/src/timers.o
 .text.xTimerCreateTimerTask
                0x00002998       0x40 FreeRTOS/src/timers.o
                0x00002998                xTimerCreateTimerTask
 .text.xTimerGenericCommand
                0x000029d8       0xbc FreeRTOS/src/timers.o
                0x000029d8                xTimerGenericCommand
 .text.prvSampleTimeNow
                0x00002a94      0x12c FreeRTOS/src/timers.o
 .text.vApplicationIdleHook
                0x00002bc0        0x2 FreeRTOS/src/variantHooks.o
                0x00002bc0                vApplicationIdleHook
 .text.vApplicationMallocFailedHook
                0x00002bc2       0x1a FreeRTOS/src/variantHooks.o
                0x00002bc2                vApplicationMallocFailedHook
 .text.vApplicationStackOverflowHook
                0x00002bdc       0x1a FreeRTOS/src/variantHooks.o
                0x00002bdc                vApplicationStackOverflowHook
 .text.Hum_Temp_Handler_create
                0x00002bf6       0x2a HumidityTempHandler.o
                0x00002bf6                Hum_Temp_Handler_create
 .text.get_hum_lvl
                0x00002c20       0x7a HumidityTempHandler.o
                0x00002c20                get_hum_lvl
 .text.get_temp_lvl
                0x00002c9a       0x7a HumidityTempHandler.o
                0x00002c9a                get_temp_lvl
 .text.hum_temp_task
                0x00002d14       0x8a HumidityTempHandler.o
                0x00002d14                hum_temp_task
 .text.create_tasks_and_semaphores
                0x00002d9e       0x34 main.o
                0x00002d9e                create_tasks_and_semaphores
 .text.initialiseSystem
                0x00002dd2       0x2c main.o
                0x00002dd2                initialiseSystem
 .text.main     0x00002dfe       0x10 main.o
                0x00002dfe                main
 .text.avr-libc.fplib
                0x00002e0e        0xa d:/atmel studio/7.0/toolchain/avr8/avr8-gnu-toolchain/bin/../lib/gcc/avr/5.4.0/../../../../avr/lib/avr6\libm.a(fixsfsi.o)
                0x00002e0e                __fixsfsi
 .text.avr-libc.fplib
                0x00002e18       0x58 d:/atmel studio/7.0/toolchain/avr8/avr8-gnu-toolchain/bin/../lib/gcc/avr/5.4.0/../../../../avr/lib/avr6\libm.a(fixunssfsi.o)
                0x00002e18                __fixunssfsi
 .text.avr-libc.fplib
                0x00002e70       0x44 d:/atmel studio/7.0/toolchain/avr8/avr8-gnu-toolchain/bin/../lib/gcc/avr/5.4.0/../../../../avr/lib/avr6\libm.a(fp_split3.o)
                0x00002e70                __fp_split3
                0x00002e80                __fp_splitA
 .text.avr-libc.fplib
                0x00002eb4        0xe d:/atmel studio/7.0/toolchain/avr8/avr8-gnu-toolchain/bin/../lib/gcc/avr/5.4.0/../../../../avr/lib/avr6\libm.a(fp_zero.o)
                0x00002eb4                __fp_zero
                0x00002eb6                __fp_szero
 .text.hal_create
                0x00002ec2       0x64 ../drivers\libIotLibrary.a(hal.o)
                0x00002ec2                hal_create
 .text._hihTwiCallback
                0x00002f26       0x5a ../drivers\libIotLibrary.a(hih8120.o)
 .text.hih8120Create
                0x00002f80       0x30 ../drivers\libIotLibrary.a(hih8120.o)
                0x00002f80                hih8120Create
 .text.hih8120IsReady
                0x00002fb0        0x6 ../drivers\libIotLibrary.a(hih8120.o)
                0x00002fb0                hih8120IsReady
 .text.hih8120Wakeup
                0x00002fb6       0x2a ../drivers\libIotLibrary.a(hih8120.o)
                0x00002fb6                hih8120Wakeup
 .text.hih8120Meassure
                0x00002fe0       0x22 ../drivers\libIotLibrary.a(hih8120.o)
                0x00002fe0                hih8120Meassure
 .text.hih8120GetHumidity
                0x00003002       0x2a ../drivers\libIotLibrary.a(hih8120.o)
                0x00003002                hih8120GetHumidity
 .text.hih8120GetTemperature
                0x0000302c       0x36 ../drivers\libIotLibrary.a(hih8120.o)
                0x0000302c                hih8120GetTemperature
 .text._turn_off
                0x00003062       0x5c ../drivers\libIotLibrary.a(led.o)
 .text._turn_on
                0x000030be       0x5c ../drivers\libIotLibrary.a(led.o)
 .text._hal_led_task
                0x0000311a       0x82 ../drivers\libIotLibrary.a(led.o)
 .text.led_create
                0x0000319c      0x10a ../drivers\libIotLibrary.a(led.o)
                0x0000319c                led_create
 .text.led_slow_blink
                0x000032a6       0x4e ../drivers\libIotLibrary.a(led.o)
                0x000032a6                led_slow_blink
 .text.led_fast_blink
                0x000032f4       0x4e ../drivers\libIotLibrary.a(led.o)
                0x000032f4                led_fast_blink
 .text.led_led_on
                0x00003342       0x1e ../drivers\libIotLibrary.a(led.o)
                0x00003342                led_led_on
 .text.led_led_off
                0x00003360       0x1e ../drivers\libIotLibrary.a(led.o)
                0x00003360                led_led_off
 .text.led_long_puls
                0x0000337e       0x24 ../drivers\libIotLibrary.a(led.o)
                0x0000337e                led_long_puls
 .text.led_short_puls
                0x000033a2       0x24 ../drivers\libIotLibrary.a(led.o)
                0x000033a2                led_short_puls
 .text._serial_call_back
                0x000033c6       0x8c ../drivers\libIotLibrary.a(lora_driver.o)
 .text._upload_message
                0x00003452       0xb4 ../drivers\libIotLibrary.a(lora_driver.o)
 .text._reply2return_code
                0x00003506       0xea ../drivers\libIotLibrary.a(lora_driver.o)
 .text._upload_message_rc
                0x000035f0        0x6 ../drivers\libIotLibrary.a(lora_driver.o)
 .text.lora_driver_flush_buffers
                0x000035f6        0xe ../drivers\libIotLibrary.a(lora_driver.o)
                0x000035f6                lora_driver_flush_buffers
 .text.lora_driver_create
                0x00003604       0x86 ../drivers\libIotLibrary.a(lora_driver.o)
                0x00003604                lora_driver_create
 .text.lora_driver_reset_rn2483
                0x0000368a       0x28 ../drivers\libIotLibrary.a(lora_driver.o)
                0x0000368a                lora_driver_reset_rn2483
 .text.lora_driver_rn2483_factory_reset
                0x000036b2       0x24 ../drivers\libIotLibrary.a(lora_driver.o)
                0x000036b2                lora_driver_rn2483_factory_reset
 .text.lora_driver_get_rn2483_hweui
                0x000036d6       0x38 ../drivers\libIotLibrary.a(lora_driver.o)
                0x000036d6                lora_driver_get_rn2483_hweui
 .text.lora_driver_set_device_identifier
                0x0000370e       0x22 ../drivers\libIotLibrary.a(lora_driver.o)
                0x0000370e                lora_driver_set_device_identifier
 .text.lora_driver_set_application_identifier
                0x00003730       0x22 ../drivers\libIotLibrary.a(lora_driver.o)
                0x00003730                lora_driver_set_application_identifier
 .text.lora_driver_set_application_key
                0x00003752       0x22 ../drivers\libIotLibrary.a(lora_driver.o)
                0x00003752                lora_driver_set_application_key
 .text.lora_driver_save_mac
                0x00003774        0xc ../drivers\libIotLibrary.a(lora_driver.o)
                0x00003774                lora_driver_save_mac
 .text.lora_driver_join
                0x00003780       0x52 ../drivers\libIotLibrary.a(lora_driver.o)
                0x00003780                lora_driver_join
 .text.lora_driver_sent_upload_message
                0x000037d2      0x196 ../drivers\libIotLibrary.a(lora_driver.o)
                0x000037d2                lora_driver_sent_upload_message
 .text.lora_driver_set_adaptive_data_rate
                0x00003968       0x16 ../drivers\libIotLibrary.a(lora_driver.o)
                0x00003968                lora_driver_set_adaptive_data_rate
 .text.lora_driver_set_receive_delay
                0x0000397e       0x30 ../drivers\libIotLibrary.a(lora_driver.o)
                0x0000397e                lora_driver_set_receive_delay
 .text.lora_driver_configure_to_eu868
                0x000039ae      0x1bc ../drivers\libIotLibrary.a(lora_driver.o)
                0x000039ae                lora_driver_configure_to_eu868
 .text.lora_driver_set_otaa_identity
                0x00003b6a       0x42 ../drivers\libIotLibrary.a(lora_driver.o)
                0x00003b6a                lora_driver_set_otaa_identity
 .text.lora_driver_map_return_code_to_text
                0x00003bac       0x18 ../drivers\libIotLibrary.a(lora_driver.o)
                0x00003bac                lora_driver_map_return_code_to_text
 .text.decode_port_no
                0x00003bc4       0x58 ../drivers\libIotLibrary.a(lora_driver_utils.o)
                0x00003bc4                decode_port_no
 .text.decode_hexadecimal_string_bytes
                0x00003c1c       0x92 ../drivers\libIotLibrary.a(lora_driver_utils.o)
                0x00003c1c                decode_hexadecimal_string_bytes
 .text.reg_read_register
                0x00003cae        0x6 ../drivers\libIotLibrary.a(mega_register_access.o)
                0x00003cae                reg_read_register
 .text.reg_read_bit
                0x00003cb4       0x16 ../drivers\libIotLibrary.a(mega_register_access.o)
                0x00003cb4                reg_read_bit
 .text.reg_read_bits
                0x00003cca        0x8 ../drivers\libIotLibrary.a(mega_register_access.o)
                0x00003cca                reg_read_bits
 .text.reg_set_register
                0x00003cd2        0x6 ../drivers\libIotLibrary.a(mega_register_access.o)
                0x00003cd2                reg_set_register
 .text.reg_clear_register
                0x00003cd8        0x6 ../drivers\libIotLibrary.a(mega_register_access.o)
                0x00003cd8                reg_clear_register
 .text.reg_set_bit
                0x00003cde       0x18 ../drivers\libIotLibrary.a(mega_register_access.o)
                0x00003cde                reg_set_bit
 .text.reg_set_bits
                0x00003cf6        0xa ../drivers\libIotLibrary.a(mega_register_access.o)
                0x00003cf6                reg_set_bits
 .text.reg_toggle_bit
                0x00003d00       0x18 ../drivers\libIotLibrary.a(mega_register_access.o)
                0x00003d00                reg_toggle_bit
 .text.reg_toggle_bits
                0x00003d18        0xa ../drivers\libIotLibrary.a(mega_register_access.o)
                0x00003d18                reg_toggle_bits
 .text.reg_clear_bit
                0x00003d22       0x1a ../drivers\libIotLibrary.a(mega_register_access.o)
                0x00003d22                reg_clear_bit
 .text.reg_clear_bits
                0x00003d3c        0xc ../drivers\libIotLibrary.a(mega_register_access.o)
                0x00003d3c                reg_clear_bits
 .text._serial_call_back
                0x00003d48       0xb6 ../drivers\libIotLibrary.a(mh_z19.o)
 .text.mh_z19_create
                0x00003dfe       0x5c ../drivers\libIotLibrary.a(mh_z19.o)
                0x00003dfe                mh_z19_create
 .text.mh_z19_take_meassuring
                0x00003e5a       0x5e ../drivers\libIotLibrary.a(mh_z19.o)
                0x00003e5a                mh_z19_take_meassuring
 .text.serial_new_instance
                0x00003eb8      0x12e ../drivers\libIotLibrary.a(serial.o)
                0x00003eb8                serial_new_instance
 .text.serial_send_byte
                0x00003fe6       0x4a ../drivers\libIotLibrary.a(serial.o)
                0x00003fe6                serial_send_byte
 .text.serial_send_bytes
                0x00004030       0xa0 ../drivers\libIotLibrary.a(serial.o)
                0x00004030                serial_send_bytes
 .text.serial_get_byte
                0x000040d0       0x38 ../drivers\libIotLibrary.a(serial.o)
                0x000040d0                serial_get_byte
 .text.__vector_25
                0x00004108       0xa4 ../drivers\libIotLibrary.a(serial.o)
                0x00004108                __vector_25
 .text.__vector_26
                0x000041ac       0x88 ../drivers\libIotLibrary.a(serial.o)
                0x000041ac                __vector_26
 .text.__vector_36
                0x00004234       0xa4 ../drivers\libIotLibrary.a(serial.o)
                0x00004234                __vector_36
 .text.__vector_37
                0x000042d8       0x88 ../drivers\libIotLibrary.a(serial.o)
                0x000042d8                __vector_37
 .text.__vector_51
                0x00004360       0xa4 ../drivers\libIotLibrary.a(serial.o)
                0x00004360                __vector_51
 .text.__vector_52
                0x00004404       0x88 ../drivers\libIotLibrary.a(serial.o)
                0x00004404                __vector_52
 .text.__vector_54
                0x0000448c       0xa4 ../drivers\libIotLibrary.a(serial.o)
                0x0000448c                __vector_54
 .text.__vector_55
                0x00004530       0x88 ../drivers\libIotLibrary.a(serial.o)
                0x00004530                __vector_55
 .text.usart_getchar
                0x000045b8       0x2a ../drivers\libIotLibrary.a(stdio_driver.o)
 .text.usart_putchar
                0x000045e2       0x12 ../drivers\libIotLibrary.a(stdio_driver.o)
 .text.stdioCreate
                0x000045f4       0x52 ../drivers\libIotLibrary.a(stdio_driver.o)
                0x000045f4                stdioCreate
 .text._initTwiInterface
                0x00004646       0x22 ../drivers\libIotLibrary.a(twi.o)
 .text.twiCreate
                0x00004668       0x9a ../drivers\libIotLibrary.a(twi.o)
                0x00004668                twiCreate
 .text.twiIsBusy
                0x00004702        0x8 ../drivers\libIotLibrary.a(twi.o)
                0x00004702                twiIsBusy
 .text.twiTransmit
                0x0000470a       0x98 ../drivers\libIotLibrary.a(twi.o)
                0x0000470a                twiTransmit
 .text.twiReceive
                0x000047a2       0x66 ../drivers\libIotLibrary.a(twi.o)
                0x000047a2                twiReceive
 .text.__vector_39
                0x00004808      0x17a ../drivers\libIotLibrary.a(twi.o)
                0x00004808                __vector_39
 .text.fifo_init
                0x00004982       0x38 ../drivers\libIotLibrary.a(fifo.o)
                0x00004982                fifo_init
 .text.avr-libc.fplib
                0x000049ba        0xa d:/atmel studio/7.0/toolchain/avr8/avr8-gnu-toolchain/bin/../lib/gcc/avr/5.4.0/../../../../avr/lib/avr6\libm.a(addsf3.o)
                0x000049ba                __subsf3
                0x000049bc                __addsf3
 .text.avr-libc.fplib
                0x000049c4       0xc4 d:/atmel studio/7.0/toolchain/avr8/avr8-gnu-toolchain/bin/../lib/gcc/avr/5.4.0/../../../../avr/lib/avr6\libm.a(addsf3x.o)
                0x000049de                __addsf3x
 .text.avr-libc.fplib
                0x00004a88        0x4 d:/atmel studio/7.0/toolchain/avr8/avr8-gnu-toolchain/bin/../lib/gcc/avr/5.4.0/../../../../avr/lib/avr6\libm.a(divsf3.o)
                0x00004a88                __divsf3
 .text.avr-libc.fplib
                0x00004a8c       0xd2 d:/atmel studio/7.0/toolchain/avr8/avr8-gnu-toolchain/bin/../lib/gcc/avr/5.4.0/../../../../avr/lib/avr6\libm.a(divsf3x.o)
                0x00004aa4                __divsf3x
                0x00004aaa                __divsf3_pse
 .text.avr-libc.fplib
                0x00004b5e       0x7a d:/atmel studio/7.0/toolchain/avr8/avr8-gnu-toolchain/bin/../lib/gcc/avr/5.4.0/../../../../avr/lib/avr6\libm.a(floatsisf.o)
                0x00004b5e                __floatunsisf
                0x00004b62                __floatsisf
 .text.avr-libc.fplib
                0x00004bd8        0xc d:/atmel studio/7.0/toolchain/avr8/avr8-gnu-toolchain/bin/../lib/gcc/avr/5.4.0/../../../../avr/lib/avr6\libm.a(fp_inf.o)
                0x00004bd8                __fp_inf
 .text.avr-libc.fplib
                0x00004be4        0x6 d:/atmel studio/7.0/toolchain/avr8/avr8-gnu-toolchain/bin/../lib/gcc/avr/5.4.0/../../../../avr/lib/avr6\libm.a(fp_nan.o)
                0x00004be4                __fp_nan
 .text.avr-libc.fplib
                0x00004bea        0xe d:/atmel studio/7.0/toolchain/avr8/avr8-gnu-toolchain/bin/../lib/gcc/avr/5.4.0/../../../../avr/lib/avr6\libm.a(fp_pscA.o)
                0x00004bea                __fp_pscA
 .text.avr-libc.fplib
                0x00004bf8        0xe d:/atmel studio/7.0/toolchain/avr8/avr8-gnu-toolchain/bin/../lib/gcc/avr/5.4.0/../../../../avr/lib/avr6\libm.a(fp_pscB.o)
                0x00004bf8                __fp_pscB
 .text.avr-libc.fplib
                0x00004c06       0x22 d:/atmel studio/7.0/toolchain/avr8/avr8-gnu-toolchain/bin/../lib/gcc/avr/5.4.0/../../../../avr/lib/avr6\libm.a(fp_round.o)
                0x00004c06                __fp_round
 .text.avr-libc.fplib
                0x00004c28        0x4 d:/atmel studio/7.0/toolchain/avr8/avr8-gnu-toolchain/bin/../lib/gcc/avr/5.4.0/../../../../avr/lib/avr6\libm.a(mulsf3.o)
                0x00004c28                __mulsf3
 .text.avr-libc.fplib
                0x00004c2c       0xc8 d:/atmel studio/7.0/toolchain/avr8/avr8-gnu-toolchain/bin/../lib/gcc/avr/5.4.0/../../../../avr/lib/avr6\libm.a(mulsf3x.o)
                0x00004c42                __mulsf3x
                0x00004c48                __mulsf3_pse
 .text.libgcc.div
                0x00004cf4       0x44 d:/atmel studio/7.0/toolchain/avr8/avr8-gnu-toolchain/bin/../lib/gcc/avr/5.4.0/avr6\libgcc.a(_udivmodsi4.o)
                0x00004cf4                __udivmodsi4
 .text.libgcc   0x00004d38       0x10 d:/atmel studio/7.0/toolchain/avr8/avr8-gnu-toolchain/bin/../lib/gcc/avr/5.4.0/avr6\libgcc.a(_tablejump2.o)
                0x00004d38                __tablejump2__
 .text.avr-libc
                0x00004d48       0x34 d:/atmel studio/7.0/toolchain/avr8/avr8-gnu-toolchain/bin/../lib/gcc/avr/5.4.0/../../../../avr/lib/avr6\libc.a(calloc.o)
                0x00004d48                calloc
 .text.avr-libc
                0x00004d7c      0x242 d:/atmel studio/7.0/toolchain/avr8/avr8-gnu-toolchain/bin/../lib/gcc/avr/5.4.0/../../../../avr/lib/avr6\libc.a(malloc.o)
                0x00004d7c                malloc
                0x00004eac                free
 .text.avr-libc
                0x00004fbe        0x8 d:/atmel studio/7.0/toolchain/avr8/avr8-gnu-toolchain/bin/../lib/gcc/avr/5.4.0/../../../../avr/lib/avr6\libc.a(abort.o)
                0x00004fbe                abort
 .text.avr-libc
                0x00004fc6       0x12 d:/atmel studio/7.0/toolchain/avr8/avr8-gnu-toolchain/bin/../lib/gcc/avr/5.4.0/../../../../avr/lib/avr6\libc.a(memcpy.o)
                0x00004fc6                memcpy
 .text.avr-libc
                0x00004fd8        0xe d:/atmel studio/7.0/toolchain/avr8/avr8-gnu-toolchain/bin/../lib/gcc/avr/5.4.0/../../../../avr/lib/avr6\libc.a(memset.o)
                0x00004fd8                memset
 .text.avr-libc
                0x00004fe6       0x4a d:/atmel studio/7.0/toolchain/avr8/avr8-gnu-toolchain/bin/../lib/gcc/avr/5.4.0/../../../../avr/lib/avr6\libc.a(strcasestr.o)
                0x00004fe6                strcasestr
 .text.avr-libc
                0x00005030       0x16 d:/atmel studio/7.0/toolchain/avr8/avr8-gnu-toolchain/bin/../lib/gcc/avr/5.4.0/../../../../avr/lib/avr6\libc.a(strcat.o)
                0x00005030                strcat
 .text.avr-libc
                0x00005046        0xe d:/atmel studio/7.0/toolchain/avr8/avr8-gnu-toolchain/bin/../lib/gcc/avr/5.4.0/../../../../avr/lib/avr6\libc.a(strcpy.o)
                0x00005046                strcpy
 .text.avr-libc
                0x00005054       0x30 d:/atmel studio/7.0/toolchain/avr8/avr8-gnu-toolchain/bin/../lib/gcc/avr/5.4.0/../../../../avr/lib/avr6\libc.a(strncasecmp.o)
                0x00005054                strncasecmp
 .text.avr-libc
                0x00005084       0x26 d:/atmel studio/7.0/toolchain/avr8/avr8-gnu-toolchain/bin/../lib/gcc/avr/5.4.0/../../../../avr/lib/avr6\libc.a(printf.o)
                0x00005084                printf
 .text.avr-libc
                0x000050aa       0x60 d:/atmel studio/7.0/toolchain/avr8/avr8-gnu-toolchain/bin/../lib/gcc/avr/5.4.0/../../../../avr/lib/avr6\libc.a(puts.o)
                0x000050aa                puts
 .text.avr-libc
                0x0000510a       0x5c d:/atmel studio/7.0/toolchain/avr8/avr8-gnu-toolchain/bin/../lib/gcc/avr/5.4.0/../../../../avr/lib/avr6\libc.a(sprintf.o)
                0x0000510a                sprintf
 .text.avr-libc
                0x00005166      0x3fa d:/atmel studio/7.0/toolchain/avr8/avr8-gnu-toolchain/bin/../lib/gcc/avr/5.4.0/../../../../avr/lib/avr6\libc.a(vfprintf_std.o)
                0x00005166                vfprintf
 .text.avr-libc
                0x00005560       0x16 d:/atmel studio/7.0/toolchain/avr8/avr8-gnu-toolchain/bin/../lib/gcc/avr/5.4.0/../../../../avr/lib/avr6\libc.a(strnlen_P.o)
                0x00005560                strnlen_P
 .text.avr-libc
                0x00005576       0x16 d:/atmel studio/7.0/toolchain/avr8/avr8-gnu-toolchain/bin/../lib/gcc/avr/5.4.0/../../../../avr/lib/avr6\libc.a(strnlen.o)
                0x00005576                strnlen
 .text.avr-libc
                0x0000558c       0x78 d:/atmel studio/7.0/toolchain/avr8/avr8-gnu-toolchain/bin/../lib/gcc/avr/5.4.0/../../../../avr/lib/avr6\libc.a(fputc.o)
                0x0000558c                fputc
 .text.avr-libc
                0x00005604       0xbc d:/atmel studio/7.0/toolchain/avr8/avr8-gnu-toolchain/bin/../lib/gcc/avr/5.4.0/../../../../avr/lib/avr6\libc.a(ultoa_invert.o)
                0x00005604                __ultoa_invert
                0x000056c0                . = ALIGN (0x2)
 *(.fini9)
 .fini9         0x000056c0        0x0 d:/atmel studio/7.0/toolchain/avr8/avr8-gnu-toolchain/bin/../lib/gcc/avr/5.4.0/avr6\libgcc.a(_exit.o)
                0x000056c0                _exit
                0x000056c0                exit
 *(.fini9)
 *(.fini8)
 *(.fini8)
 *(.fini7)
 *(.fini7)
 *(.fini6)
 *(.fini6)
 *(.fini5)
 *(.fini5)
 *(.fini4)
 *(.fini4)
 *(.fini3)
 *(.fini3)
 *(.fini2)
 *(.fini2)
 *(.fini1)
 *(.fini1)
 *(.fini0)
 .fini0         0x000056c0        0x4 d:/atmel studio/7.0/toolchain/avr8/avr8-gnu-toolchain/bin/../lib/gcc/avr/5.4.0/avr6\libgcc.a(_exit.o)
 *(.fini0)
                0x000056c4                _etext = .

.data           0x00800200      0x5d6 load address 0x000056c4
                0x00800200                PROVIDE (__data_start, .)
 *(.data)
 .data          0x00800200        0x6 d:/atmel studio/7.0/toolchain/avr8/avr8-gnu-toolchain/bin/../lib/gcc/avr/5.4.0/../../../../avr/lib/avr6\libc.a(malloc.o)
                0x00800200                __malloc_heap_end
                0x00800202                __malloc_heap_start
                0x00800204                __malloc_margin
 *(.data*)
 .data._temp    0x00800206        0x2 ../drivers\libIotLibrary.a(hih8120.o)
 .data._hum     0x00800208        0x2 ../drivers\libIotLibrary.a(hih8120.o)
 .data._com_port_2_udr
                0x0080020a        0x8 ../drivers\libIotLibrary.a(serial.o)
                0x0080020a                _com_port_2_udr
 .data.mystdout.1881
                0x00800212        0xe ../drivers\libIotLibrary.a(stdio_driver.o)
 .data._twiCurrentState
                0x00800220        0x1 ../drivers\libIotLibrary.a(twi.o)
 *(.gnu.linkonce.d*)
 *(.rodata)
 .rodata        0x00800221       0x20 ../drivers\libIotLibrary.a(lora_driver.o)
 .rodata        0x00800241       0x2d ../drivers\libIotLibrary.a(mh_z19.o)
 *(.rodata*)
 .rodata.str1.1
                0x0080026e       0x5f CO2Handler.o
 .rodata.str1.1
                0x008002cd      0x149 drivers/docs/example/loraWANHandler.o
 .rodata.str1.1
                0x00800416        0x5 FreeRTOS/src/tasks.o
 .rodata.str1.1
                0x0080041b        0x8 FreeRTOS/src/timers.o
 .rodata.str1.1
                0x00800423       0xcd HumidityTempHandler.o
                                 0xd0 (size before relaxing)
 .rodata.str1.1
                0x008004f0       0x12 main.o
 .rodata.str1.1
                0x00800502        0x8 ../drivers\libIotLibrary.a(led.o)
 .rodata.str1.1
                0x0080050a      0x295 ../drivers\libIotLibrary.a(lora_driver.o)
                                0x2a5 (size before relaxing)
 .rodata._join_mode
                0x0080079f        0x4 ../drivers\libIotLibrary.a(lora_driver.o)
 .rodata._return_code
                0x008007a3       0x33 ../drivers\libIotLibrary.a(lora_driver.o)
                0x008007a3                _return_code
 *(.gnu.linkonce.r*)
                0x008007d6                . = ALIGN (0x2)
                0x008007d6                _edata = .
                0x008007d6                PROVIDE (__data_end, .)

.bss            0x008007d6     0x124f
                0x008007d6                PROVIDE (__bss_start, .)
 *(.bss)
 *(.bss*)
 .bss._uplink_payload
                0x008007d6       0x16 drivers/docs/example/loraWANHandler.o
 .bss._out_buf  0x008007ec       0x64 drivers/docs/example/loraWANHandler.o
 .bss.xBlockAllocatedBit
                0x00800850        0x2 FreeRTOS/src/heap_4.o
 .bss.xMinimumEverFreeBytesRemaining
                0x00800852        0x2 FreeRTOS/src/heap_4.o
 .bss.xFreeBytesRemaining
                0x00800854        0x2 FreeRTOS/src/heap_4.o
 .bss.pxEnd     0x00800856        0x2 FreeRTOS/src/heap_4.o
 .bss.xStart    0x00800858        0x4 FreeRTOS/src/heap_4.o
 .bss.ucHeap    0x0080085c      0xfa0 FreeRTOS/src/heap_4.o
 .bss.uxSchedulerSuspended
                0x008017fc        0x1 FreeRTOS/src/tasks.o
 .bss.xIdleTaskHandle
                0x008017fd        0x2 FreeRTOS/src/tasks.o
 .bss.xNextTaskUnblockTime
                0x008017ff        0x4 FreeRTOS/src/tasks.o
 .bss.uxTaskNumber
                0x00801803        0x1 FreeRTOS/src/tasks.o
 .bss.xNumOfOverflows
                0x00801804        0x1 FreeRTOS/src/tasks.o
 .bss.xYieldPending
                0x00801805        0x1 FreeRTOS/src/tasks.o
 .bss.uxPendedTicks
                0x00801806        0x1 FreeRTOS/src/tasks.o
 .bss.xSchedulerRunning
                0x00801807        0x1 FreeRTOS/src/tasks.o
 .bss.uxTopReadyPriority
                0x00801808        0x1 FreeRTOS/src/tasks.o
 .bss.xTickCount
                0x00801809        0x4 FreeRTOS/src/tasks.o
 .bss.uxCurrentNumberOfTasks
                0x0080180d        0x1 FreeRTOS/src/tasks.o
 .bss.xSuspendedTaskList
                0x0080180e        0xb FreeRTOS/src/tasks.o
 .bss.uxDeletedTasksWaitingCleanUp
                0x00801819        0x1 FreeRTOS/src/tasks.o
 .bss.xTasksWaitingTermination
                0x0080181a        0xb FreeRTOS/src/tasks.o
 .bss.xPendingReadyList
                0x00801825        0xb FreeRTOS/src/tasks.o
 .bss.pxOverflowDelayedTaskList
                0x00801830        0x2 FreeRTOS/src/tasks.o
 .bss.pxDelayedTaskList
                0x00801832        0x2 FreeRTOS/src/tasks.o
 .bss.xDelayedTaskList2
                0x00801834        0xb FreeRTOS/src/tasks.o
 .bss.xDelayedTaskList1
                0x0080183f        0xb FreeRTOS/src/tasks.o
 .bss.pxReadyTasksLists
                0x0080184a       0x2c FreeRTOS/src/tasks.o
 .bss.pxCurrentTCB
                0x00801876        0x2 FreeRTOS/src/tasks.o
                0x00801876                pxCurrentTCB
 .bss.xLastTime.2432
                0x00801878        0x4 FreeRTOS/src/timers.o
 .bss.xTimerTaskHandle
                0x0080187c        0x2 FreeRTOS/src/timers.o
 .bss.xTimerQueue
                0x0080187e        0x2 FreeRTOS/src/timers.o
 .bss.pxOverflowTimerList
                0x00801880        0x2 FreeRTOS/src/timers.o
 .bss.pxCurrentTimerList
                0x00801882        0x2 FreeRTOS/src/timers.o
 .bss.xActiveTimerList2
                0x00801884        0xb FreeRTOS/src/timers.o
 .bss.xActiveTimerList1
                0x0080188f        0xb FreeRTOS/src/timers.o
 .bss._measuringIsReady
                0x0080189a        0x1 ../drivers\libIotLibrary.a(hih8120.o)
 .bss._hih8120Handler
                0x0080189b        0x2 ../drivers\libIotLibrary.a(hih8120.o)
 .bss._led_status
                0x0080189d       0x18 ../drivers\libIotLibrary.a(led.o)
 .bss._tmp_buf.2940
                0x008018b5       0x64 ../drivers\libIotLibrary.a(lora_driver.o)
 .bss.rec_buf_inp.2947
                0x00801919        0x1 ../drivers\libIotLibrary.a(lora_driver.o)
 .bss._downlinkMessageBuffer
                0x0080191a        0x2 ../drivers\libIotLibrary.a(lora_driver.o)
 .bss._serial_reply_buffer_handle
                0x0080191c        0x2 ../drivers\libIotLibrary.a(lora_driver.o)
 .bss._rn2483_serial
                0x0080191e        0x2 ../drivers\libIotLibrary.a(lora_driver.o)
 .bss._downlink_payload
                0x00801920       0x16 ../drivers\libIotLibrary.a(lora_driver.o)
 .bss._pay_load_hex_bytes
                0x00801936       0x15 ../drivers\libIotLibrary.a(lora_driver.o)
 .bss._rec_message_buf
                0x0080194b       0x2d ../drivers\libIotLibrary.a(lora_driver.o)
 .bss._send_message
                0x00801978       0x2d ../drivers\libIotLibrary.a(lora_driver.o)
 .bss._reply_mess
                0x008019a5       0x2d ../drivers\libIotLibrary.a(lora_driver.o)
 .bss.data.1940
                0x008019d2        0x2 ../drivers\libIotLibrary.a(mh_z19.o)
 .bss.inDex.1939
                0x008019d4        0x1 ../drivers\libIotLibrary.a(mh_z19.o)
 .bss.crc_sum.1941
                0x008019d5        0x1 ../drivers\libIotLibrary.a(mh_z19.o)
 .bss._app_call_back
                0x008019d6        0x2 ../drivers\libIotLibrary.a(mh_z19.o)
 .bss._mh_state
                0x008019d8        0x1 ../drivers\libIotLibrary.a(mh_z19.o)
                0x008019d8                _mh_state
 .bss._ppm      0x008019d9        0x2 ../drivers\libIotLibrary.a(mh_z19.o)
 .bss._serial   0x008019db        0x2 ../drivers\libIotLibrary.a(mh_z19.o)
 .bss._ser_handle
                0x008019dd        0x8 ../drivers\libIotLibrary.a(serial.o)
 .bss._com_serial_instance
                0x008019e5        0x2 ../drivers\libIotLibrary.a(stdio_driver.o)
 .bss._index.1885
                0x008019e7        0x1 ../drivers\libIotLibrary.a(twi.o)
 .bss._twiCurrentHandler
                0x008019e8        0x2 ../drivers\libIotLibrary.a(twi.o)
 .bss._twiMessageLen
                0x008019ea        0x1 ../drivers\libIotLibrary.a(twi.o)
 .bss._twiMessageBuffer
                0x008019eb        0xa ../drivers\libIotLibrary.a(twi.o)
 .bss._twiIsInitiated
                0x008019f5        0x1 ../drivers\libIotLibrary.a(twi.o)
 *(COMMON)
 COMMON         0x008019f6        0x3 CO2Handler.o
                0x008019f6                rc
                0x008019f7                CO2level
 COMMON         0x008019f9        0xa HumidityTempHandler.o
                0x008019f9                temperature
                0x008019fd                humidity
                0x00801a01                ret
 COMMON         0x00801a03        0x2 main.o
                0x00801a03                xTestSemaphore
 COMMON         0x00801a05       0x16 ../drivers\libIotLibrary.a(hal.o)
                0x00801a05                register_access
 COMMON         0x00801a1b        0x4 d:/atmel studio/7.0/toolchain/avr8/avr8-gnu-toolchain/bin/../lib/gcc/avr/5.4.0/../../../../avr/lib/avr6\libc.a(malloc.o)
                0x00801a1b                __brkval
                0x00801a1d                __flp
 COMMON         0x00801a1f        0x6 d:/atmel studio/7.0/toolchain/avr8/avr8-gnu-toolchain/bin/../lib/gcc/avr/5.4.0/../../../../avr/lib/avr6\libc.a(iob.o)
                0x00801a1f                __iob
                0x00801a25                PROVIDE (__bss_end, .)
                0x000056c4                __data_load_start = LOADADDR (.data)
                0x00005c9a                __data_load_end = (__data_load_start + SIZEOF (.data))

.noinit         0x00801a25        0x0
                [!provide]                PROVIDE (__noinit_start, .)
 *(.noinit*)
                [!provide]                PROVIDE (__noinit_end, .)
                0x00801a25                _end = .
                0x00801a25                PROVIDE (__heap_start, .)

.eeprom         0x00810000        0x0
 *(.eeprom*)
                0x00810000                __eeprom_end = .

.fuse
 *(.fuse)
 *(.lfuse)
 *(.hfuse)
 *(.efuse)

.lock
 *(.lock*)

.signature
 *(.signature*)

.user_signatures
 *(.user_signatures*)

.stab
 *(.stab)

.stabstr
 *(.stabstr)

.stab.excl
 *(.stab.excl)

.stab.exclstr
 *(.stab.exclstr)

.stab.index
 *(.stab.index)

.stab.indexstr
 *(.stab.indexstr)

.comment        0x00000000       0x5c
 *(.comment)
 .comment       0x00000000       0x30 CO2Handler.o
                                 0x31 (size before relaxing)
 .comment       0x00000030       0x31 drivers/docs/example/loraWANHandler.o
 .comment       0x00000030       0x31 FreeRTOS/FreeRTOSTraceDriver/FreeRTOSTraceDriver.o
 .comment       0x00000030       0x31 FreeRTOS/src/heap_4.o
 .comment       0x00000030       0x31 FreeRTOS/src/list.o
 .comment       0x00000030       0x31 FreeRTOS/src/port.o
 .comment       0x00000030       0x31 FreeRTOS/src/queue.o
 .comment       0x00000030       0x31 FreeRTOS/src/stream_buffer.o
 .comment       0x00000030       0x31 FreeRTOS/src/tasks.o
 .comment       0x00000030       0x31 FreeRTOS/src/timers.o
 .comment       0x00000030       0x31 FreeRTOS/src/variantHooks.o
 .comment       0x00000030       0x31 HumidityTempHandler.o
 .comment       0x00000030       0x31 main.o
 .comment       0x00000030       0x31 ../drivers\libIotLibrary.a(hal.o)
 .comment       0x00000030       0x31 ../drivers\libIotLibrary.a(hih8120.o)
 .comment       0x00000030       0x31 ../drivers\libIotLibrary.a(led.o)
 .comment       0x00000030       0x31 ../drivers\libIotLibrary.a(lora_driver.o)
 .comment       0x00000030       0x31 ../drivers\libIotLibrary.a(lora_driver_utils.o)
 .comment       0x00000030       0x31 ../drivers\libIotLibrary.a(mega_register_access.o)
 .comment       0x00000030       0x31 ../drivers\libIotLibrary.a(mh_z19.o)
 .comment       0x00000030       0x31 ../drivers\libIotLibrary.a(serial.o)
 .comment       0x00000030       0x31 ../drivers\libIotLibrary.a(stdio_driver.o)
 .comment       0x00000030       0x31 ../drivers\libIotLibrary.a(twi.o)
 .comment       0x00000030       0x31 ../drivers\libIotLibrary.a(fifo.o)
 .comment       0x00000030       0x31 d:/atmel studio/7.0/toolchain/avr8/avr8-gnu-toolchain/bin/../lib/gcc/avr/5.4.0/../../../../avr/lib/avr6\libc.a(calloc.o)
 .comment       0x00000030       0x31 d:/atmel studio/7.0/toolchain/avr8/avr8-gnu-toolchain/bin/../lib/gcc/avr/5.4.0/../../../../avr/lib/avr6\libc.a(malloc.o)
 .comment       0x00000030       0x31 d:/atmel studio/7.0/toolchain/avr8/avr8-gnu-toolchain/bin/../lib/gcc/avr/5.4.0/../../../../avr/lib/avr6\libc.a(iob.o)
 .comment       0x00000030       0x31 d:/atmel studio/7.0/toolchain/avr8/avr8-gnu-toolchain/bin/../lib/gcc/avr/5.4.0/../../../../avr/lib/avr6\libc.a(printf.o)
 .comment       0x00000030       0x31 d:/atmel studio/7.0/toolchain/avr8/avr8-gnu-toolchain/bin/../lib/gcc/avr/5.4.0/../../../../avr/lib/avr6\libc.a(puts.o)
 .comment       0x00000030       0x31 d:/atmel studio/7.0/toolchain/avr8/avr8-gnu-toolchain/bin/../lib/gcc/avr/5.4.0/../../../../avr/lib/avr6\libc.a(sprintf.o)
 .comment       0x00000030       0x2c d:/atmel studio/7.0/toolchain/avr8/avr8-gnu-toolchain/bin/../lib/gcc/avr/5.4.0/../../../../avr/lib/avr6\libc.a(vfprintf_std.o)
                                 0x2d (size before relaxing)
 .comment       0x0000005c       0x31 d:/atmel studio/7.0/toolchain/avr8/avr8-gnu-toolchain/bin/../lib/gcc/avr/5.4.0/../../../../avr/lib/avr6\libc.a(fputc.o)

.note.gnu.avr.deviceinfo
                0x00000000       0x40
 .note.gnu.avr.deviceinfo
                0x00000000       0x40 D:/Atmel studio/7.0/Packs/atmel/ATmega_DFP/1.3.300/gcc/dev/atmega2560/avr6/crtatmega2560.o

.note.gnu.build-id
 *(.note.gnu.build-id)

.debug
 *(.debug)

.line
 *(.line)

.debug_srcinfo
 *(.debug_srcinfo)

.debug_sfnames
 *(.debug_sfnames)

.debug_aranges  0x00000000      0xa78
 *(.debug_aranges)
 .debug_aranges
                0x00000000       0x38 CO2Handler.o
 .debug_aranges
                0x00000038       0x28 drivers/docs/example/loraWANHandler.o
 .debug_aranges
                0x00000060       0x30 FreeRTOS/FreeRTOSTraceDriver/FreeRTOSTraceDriver.o
 .debug_aranges
                0x00000090       0x48 FreeRTOS/src/heap_4.o
 .debug_aranges
                0x000000d8       0x40 FreeRTOS/src/list.o
 .debug_aranges
                0x00000118       0x48 FreeRTOS/src/port.o
 .debug_aranges
                0x00000160       0xf8 FreeRTOS/src/queue.o
 .debug_aranges
                0x00000258       0xc8 FreeRTOS/src/stream_buffer.o
 .debug_aranges
                0x00000320      0x1d8 FreeRTOS/src/tasks.o
 .debug_aranges
                0x000004f8       0xa0 FreeRTOS/src/timers.o
 .debug_aranges
                0x00000598       0x30 FreeRTOS/src/variantHooks.o
 .debug_aranges
                0x000005c8       0x38 HumidityTempHandler.o
 .debug_aranges
                0x00000600       0x30 main.o
 .debug_aranges
                0x00000630       0x20 ../drivers\libIotLibrary.a(hal.o)
 .debug_aranges
                0x00000650       0x68 ../drivers\libIotLibrary.a(hih8120.o)
 .debug_aranges
                0x000006b8       0x68 ../drivers\libIotLibrary.a(led.o)
 .debug_aranges
                0x00000720      0x138 ../drivers\libIotLibrary.a(lora_driver.o)
 .debug_aranges
                0x00000858       0x28 ../drivers\libIotLibrary.a(lora_driver_utils.o)
 .debug_aranges
                0x00000880       0x70 ../drivers\libIotLibrary.a(mega_register_access.o)
 .debug_aranges
                0x000008f0       0x50 ../drivers\libIotLibrary.a(mh_z19.o)
 .debug_aranges
                0x00000940       0x90 ../drivers\libIotLibrary.a(serial.o)
 .debug_aranges
                0x000009d0       0x38 ../drivers\libIotLibrary.a(stdio_driver.o)
 .debug_aranges
                0x00000a08       0x50 ../drivers\libIotLibrary.a(twi.o)
 .debug_aranges
                0x00000a58       0x20 ../drivers\libIotLibrary.a(fifo.o)

.debug_pubnames
 *(.debug_pubnames)

.debug_info     0x00000000     0xd661
 *(.debug_info .gnu.linkonce.wi.*)
 .debug_info    0x00000000      0xbbc D:/Atmel studio/7.0/Packs/atmel/ATmega_DFP/1.3.300/gcc/dev/atmega2560/avr6/crtatmega2560.o
 .debug_info    0x00000bbc      0x2b3 CO2Handler.o
 .debug_info    0x00000e6f      0x832 drivers/docs/example/loraWANHandler.o
 .debug_info    0x000016a1       0xd3 FreeRTOS/FreeRTOSTraceDriver/FreeRTOSTraceDriver.o
 .debug_info    0x00001774      0x3d4 FreeRTOS/src/heap_4.o
 .debug_info    0x00001b48      0x2dc FreeRTOS/src/list.o
 .debug_info    0x00001e24      0x284 FreeRTOS/src/port.o
 .debug_info    0x000020a8     0x1910 FreeRTOS/src/queue.o
 .debug_info    0x000039b8     0x14b4 FreeRTOS/src/stream_buffer.o
 .debug_info    0x00004e6c     0x27fd FreeRTOS/src/tasks.o
 .debug_info    0x00007669     0x1115 FreeRTOS/src/timers.o
 .debug_info    0x0000877e      0x1ba FreeRTOS/src/variantHooks.o
 .debug_info    0x00008938      0x326 HumidityTempHandler.o
 .debug_info    0x00008c5e      0x304 main.o
 .debug_info    0x00008f62      0x20d ../drivers\libIotLibrary.a(hal.o)
 .debug_info    0x0000916f      0x3a9 ../drivers\libIotLibrary.a(hih8120.o)
 .debug_info    0x00009518      0x6d5 ../drivers\libIotLibrary.a(led.o)
 .debug_info    0x00009bed     0x18a9 ../drivers\libIotLibrary.a(lora_driver.o)
 .debug_info    0x0000b496      0x143 ../drivers\libIotLibrary.a(lora_driver_utils.o)
 .debug_info    0x0000b5d9      0x2e1 ../drivers\libIotLibrary.a(mega_register_access.o)
 .debug_info    0x0000b8ba      0x538 ../drivers\libIotLibrary.a(mh_z19.o)
 .debug_info    0x0000bdf2      0xdb3 ../drivers\libIotLibrary.a(serial.o)
 .debug_info    0x0000cba5      0x39c ../drivers\libIotLibrary.a(stdio_driver.o)
 .debug_info    0x0000cf41      0x55d ../drivers\libIotLibrary.a(twi.o)
 .debug_info    0x0000d49e      0x1c3 ../drivers\libIotLibrary.a(fifo.o)

.debug_abbrev   0x00000000     0x36ad
 *(.debug_abbrev)
 .debug_abbrev  0x00000000      0xb1a D:/Atmel studio/7.0/Packs/atmel/ATmega_DFP/1.3.300/gcc/dev/atmega2560/avr6/crtatmega2560.o
 .debug_abbrev  0x00000b1a      0x167 CO2Handler.o
 .debug_abbrev  0x00000c81      0x1e2 drivers/docs/example/loraWANHandler.o
 .debug_abbrev  0x00000e63       0x92 FreeRTOS/FreeRTOSTraceDriver/FreeRTOSTraceDriver.o
 .debug_abbrev  0x00000ef5      0x224 FreeRTOS/src/heap_4.o
 .debug_abbrev  0x00001119       0xff FreeRTOS/src/list.o
 .debug_abbrev  0x00001218      0x158 FreeRTOS/src/port.o
 .debug_abbrev  0x00001370      0x2d8 FreeRTOS/src/queue.o
 .debug_abbrev  0x00001648      0x2b4 FreeRTOS/src/stream_buffer.o
 .debug_abbrev  0x000018fc      0x359 FreeRTOS/src/tasks.o
 .debug_abbrev  0x00001c55      0x2f5 FreeRTOS/src/timers.o
 .debug_abbrev  0x00001f4a      0x101 FreeRTOS/src/variantHooks.o
 .debug_abbrev  0x0000204b      0x12d HumidityTempHandler.o
 .debug_abbrev  0x00002178      0x145 main.o
 .debug_abbrev  0x000022bd       0xff ../drivers\libIotLibrary.a(hal.o)
 .debug_abbrev  0x000023bc      0x184 ../drivers\libIotLibrary.a(hih8120.o)
 .debug_abbrev  0x00002540      0x228 ../drivers\libIotLibrary.a(led.o)
 .debug_abbrev  0x00002768      0x382 ../drivers\libIotLibrary.a(lora_driver.o)
 .debug_abbrev  0x00002aea       0xc0 ../drivers\libIotLibrary.a(lora_driver_utils.o)
 .debug_abbrev  0x00002baa       0xd3 ../drivers\libIotLibrary.a(mega_register_access.o)
 .debug_abbrev  0x00002c7d      0x20f ../drivers\libIotLibrary.a(mh_z19.o)
 .debug_abbrev  0x00002e8c      0x364 ../drivers\libIotLibrary.a(serial.o)
 .debug_abbrev  0x000031f0      0x1be ../drivers\libIotLibrary.a(stdio_driver.o)
 .debug_abbrev  0x000033ae      0x217 ../drivers\libIotLibrary.a(twi.o)
 .debug_abbrev  0x000035c5       0xe8 ../drivers\libIotLibrary.a(fifo.o)

.debug_line     0x00000000     0x63ca
 *(.debug_line .debug_line.* .debug_line_end)
 .debug_line    0x00000000      0x1f9 D:/Atmel studio/7.0/Packs/atmel/ATmega_DFP/1.3.300/gcc/dev/atmega2560/avr6/crtatmega2560.o
 .debug_line    0x000001f9      0x16f CO2Handler.o
 .debug_line    0x00000368      0x258 drivers/docs/example/loraWANHandler.o
 .debug_line    0x000005c0       0xe9 FreeRTOS/FreeRTOSTraceDriver/FreeRTOSTraceDriver.o
 .debug_line    0x000006a9      0x2f0 FreeRTOS/src/heap_4.o
 .debug_line    0x00000999      0x1c6 FreeRTOS/src/list.o
 .debug_line    0x00000b5f      0x2ea FreeRTOS/src/port.o
 .debug_line    0x00000e49      0xbd2 FreeRTOS/src/queue.o
 .debug_line    0x00001a1b      0x77c FreeRTOS/src/stream_buffer.o
 .debug_line    0x00002197     0x1640 FreeRTOS/src/tasks.o
 .debug_line    0x000037d7      0x54f FreeRTOS/src/timers.o
 .debug_line    0x00003d26      0x162 FreeRTOS/src/variantHooks.o
 .debug_line    0x00003e88      0x1c4 HumidityTempHandler.o
 .debug_line    0x0000404c      0x1cb main.o
 .debug_line    0x00004217       0xff ../drivers\libIotLibrary.a(hal.o)
 .debug_line    0x00004316      0x246 ../drivers\libIotLibrary.a(hih8120.o)
 .debug_line    0x0000455c      0x31b ../drivers\libIotLibrary.a(led.o)
 .debug_line    0x00004877      0x9ab ../drivers\libIotLibrary.a(lora_driver.o)
 .debug_line    0x00005222      0x194 ../drivers\libIotLibrary.a(lora_driver_utils.o)
 .debug_line    0x000053b6      0x1af ../drivers\libIotLibrary.a(mega_register_access.o)
 .debug_line    0x00005565      0x2d6 ../drivers\libIotLibrary.a(mh_z19.o)
 .debug_line    0x0000583b      0x636 ../drivers\libIotLibrary.a(serial.o)
 .debug_line    0x00005e71      0x13a ../drivers\libIotLibrary.a(stdio_driver.o)
 .debug_line    0x00005fab      0x306 ../drivers\libIotLibrary.a(twi.o)
 .debug_line    0x000062b1      0x119 ../drivers\libIotLibrary.a(fifo.o)

.debug_frame    0x00000000     0x2338
 *(.debug_frame)
 .debug_frame   0x00000000       0x7c CO2Handler.o
 .debug_frame   0x0000007c       0x54 drivers/docs/example/loraWANHandler.o
 .debug_frame   0x000000d0       0x44 FreeRTOS/FreeRTOSTraceDriver/FreeRTOSTraceDriver.o
 .debug_frame   0x00000114       0xb4 FreeRTOS/src/heap_4.o
 .debug_frame   0x000001c8       0x90 FreeRTOS/src/list.o
 .debug_frame   0x00000258       0x74 FreeRTOS/src/port.o
 .debug_frame   0x000002cc      0x3d8 FreeRTOS/src/queue.o
 .debug_frame   0x000006a4      0x3dc FreeRTOS/src/stream_buffer.o
 .debug_frame   0x00000a80      0x75c FreeRTOS/src/tasks.o
 .debug_frame   0x000011dc      0x248 FreeRTOS/src/timers.o
 .debug_frame   0x00001424       0x44 FreeRTOS/src/variantHooks.o
 .debug_frame   0x00001468       0xc8 HumidityTempHandler.o
 .debug_frame   0x00001530       0x4c main.o
 .debug_frame   0x0000157c       0x24 ../drivers\libIotLibrary.a(hal.o)
 .debug_frame   0x000015a0       0xc0 ../drivers\libIotLibrary.a(hih8120.o)
 .debug_frame   0x00001660      0x11c ../drivers\libIotLibrary.a(led.o)
 .debug_frame   0x0000177c      0x460 ../drivers\libIotLibrary.a(lora_driver.o)
 .debug_frame   0x00001bdc       0x48 ../drivers\libIotLibrary.a(lora_driver_utils.o)
 .debug_frame   0x00001c24       0xc4 ../drivers\libIotLibrary.a(mega_register_access.o)
 .debug_frame   0x00001ce8       0xf8 ../drivers\libIotLibrary.a(mh_z19.o)
 .debug_frame   0x00001de0      0x384 ../drivers\libIotLibrary.a(serial.o)
 .debug_frame   0x00002164       0x84 ../drivers\libIotLibrary.a(stdio_driver.o)
 .debug_frame   0x000021e8      0x12c ../drivers\libIotLibrary.a(twi.o)
 .debug_frame   0x00002314       0x24 ../drivers\libIotLibrary.a(fifo.o)

.debug_str      0x00000000     0x400f
 *(.debug_str)
 .debug_str     0x00000000      0x3e6 D:/Atmel studio/7.0/Packs/atmel/ATmega_DFP/1.3.300/gcc/dev/atmega2560/avr6/crtatmega2560.o
 .debug_str     0x000003e6      0x282 CO2Handler.o
                                0x2c7 (size before relaxing)
 .debug_str     0x00000668      0x4bb drivers/docs/example/loraWANHandler.o
                                0x67f (size before relaxing)
 .debug_str     0x00000b23       0x68 FreeRTOS/FreeRTOSTraceDriver/FreeRTOSTraceDriver.o
                                0x1c5 (size before relaxing)
 .debug_str     0x00000b8b      0x20d FreeRTOS/src/heap_4.o
                                0x385 (size before relaxing)
 .debug_str     0x00000d98      0x129 FreeRTOS/src/list.o
                                0x2c2 (size before relaxing)
 .debug_str     0x00000ec1      0x118 FreeRTOS/src/port.o
                                0x2af (size before relaxing)
 .debug_str     0x00000fd9      0x6e4 FreeRTOS/src/queue.o
                                0x9b8 (size before relaxing)
 .debug_str     0x000016bd      0x541 FreeRTOS/src/stream_buffer.o
                                0x81e (size before relaxing)
 .debug_str     0x00001bfe      0xae3 FreeRTOS/src/tasks.o
                               0x1163 (size before relaxing)
 .debug_str     0x000026e1      0x43f FreeRTOS/src/timers.o
                                0x850 (size before relaxing)
 .debug_str     0x00002b20       0x61 FreeRTOS/src/variantHooks.o
                                0x256 (size before relaxing)
 .debug_str     0x00002b81      0x124 HumidityTempHandler.o
                                0x2dc (size before relaxing)
 .debug_str     0x00002ca5       0x95 main.o
                                0x2fe (size before relaxing)
 .debug_str     0x00002d3a       0xc3 ../drivers\libIotLibrary.a(hal.o)
                                0x278 (size before relaxing)
 .debug_str     0x00002dfd      0x1eb ../drivers\libIotLibrary.a(hih8120.o)
                                0x44a (size before relaxing)
 .debug_str     0x00002fe8       0xd1 ../drivers\libIotLibrary.a(led.o)
                                0x3cd (size before relaxing)
 .debug_str     0x000030b9      0x698 ../drivers\libIotLibrary.a(lora_driver.o)
                                0xd8f (size before relaxing)
 .debug_str     0x00003751       0x46 ../drivers\libIotLibrary.a(lora_driver_utils.o)
                                0x205 (size before relaxing)
 .debug_str     0x00003797       0xdf ../drivers\libIotLibrary.a(mega_register_access.o)
                                0x252 (size before relaxing)
 .debug_str     0x00003876      0x10d ../drivers\libIotLibrary.a(mh_z19.o)
                                0x47a (size before relaxing)
 .debug_str     0x00003983      0x2e5 ../drivers\libIotLibrary.a(serial.o)
                                0x639 (size before relaxing)
 .debug_str     0x00003c68       0xa4 ../drivers\libIotLibrary.a(stdio_driver.o)
                                0x378 (size before relaxing)
 .debug_str     0x00003d0c      0x2e3 ../drivers\libIotLibrary.a(twi.o)
                                0x5a8 (size before relaxing)
 .debug_str     0x00003fef       0x20 ../drivers\libIotLibrary.a(fifo.o)
                                0x237 (size before relaxing)

.debug_loc      0x00000000     0xbb09
 *(.debug_loc)
 .debug_loc     0x00000000       0xd2 CO2Handler.o
 .debug_loc     0x000000d2      0x1be drivers/docs/example/loraWANHandler.o
 .debug_loc     0x00000290       0x42 FreeRTOS/FreeRTOSTraceDriver/FreeRTOSTraceDriver.o
 .debug_loc     0x000002d2      0x331 FreeRTOS/src/heap_4.o
 .debug_loc     0x00000603      0x17d FreeRTOS/src/list.o
 .debug_loc     0x00000780      0x2af FreeRTOS/src/port.o
 .debug_loc     0x00000a2f     0x1c21 FreeRTOS/src/queue.o
 .debug_loc     0x00002650     0x1db1 FreeRTOS/src/stream_buffer.o
 .debug_loc     0x00004401     0x3168 FreeRTOS/src/tasks.o
 .debug_loc     0x00007569      0xcf7 FreeRTOS/src/timers.o
 .debug_loc     0x00008260       0xb6 FreeRTOS/src/variantHooks.o
 .debug_loc     0x00008316      0x241 HumidityTempHandler.o
 .debug_loc     0x00008557       0x22 main.o
 .debug_loc     0x00008579       0x2c ../drivers\libIotLibrary.a(hal.o)
 .debug_loc     0x000085a5       0x9f ../drivers\libIotLibrary.a(hih8120.o)
 .debug_loc     0x00008644      0x390 ../drivers\libIotLibrary.a(led.o)
 .debug_loc     0x000089d4     0x1216 ../drivers\libIotLibrary.a(lora_driver.o)
 .debug_loc     0x00009bea      0x1d2 ../drivers\libIotLibrary.a(lora_driver_utils.o)
 .debug_loc     0x00009dbc       0xe9 ../drivers\libIotLibrary.a(mega_register_access.o)
 .debug_loc     0x00009ea5      0x3cd ../drivers\libIotLibrary.a(mh_z19.o)
 .debug_loc     0x0000a272     0x1080 ../drivers\libIotLibrary.a(serial.o)
 .debug_loc     0x0000b2f2      0x144 ../drivers\libIotLibrary.a(stdio_driver.o)
 .debug_loc     0x0000b436      0x575 ../drivers\libIotLibrary.a(twi.o)
 .debug_loc     0x0000b9ab      0x15e ../drivers\libIotLibrary.a(fifo.o)

.debug_macinfo
 *(.debug_macinfo)

.debug_weaknames
 *(.debug_weaknames)

.debug_funcnames
 *(.debug_funcnames)

.debug_typenames
 *(.debug_typenames)

.debug_varnames
 *(.debug_varnames)

.debug_pubtypes
 *(.debug_pubtypes)

.debug_ranges   0x00000000      0xab8
 *(.debug_ranges)
 .debug_ranges  0x00000000       0x28 CO2Handler.o
 .debug_ranges  0x00000028       0x48 drivers/docs/example/loraWANHandler.o
 .debug_ranges  0x00000070       0x20 FreeRTOS/FreeRTOSTraceDriver/FreeRTOSTraceDriver.o
 .debug_ranges  0x00000090       0x38 FreeRTOS/src/heap_4.o
 .debug_ranges  0x000000c8       0x30 FreeRTOS/src/list.o
 .debug_ranges  0x000000f8       0x38 FreeRTOS/src/port.o
 .debug_ranges  0x00000130      0x178 FreeRTOS/src/queue.o
 .debug_ranges  0x000002a8       0xb8 FreeRTOS/src/stream_buffer.o
 .debug_ranges  0x00000360      0x240 FreeRTOS/src/tasks.o
 .debug_ranges  0x000005a0       0xe8 FreeRTOS/src/timers.o
 .debug_ranges  0x00000688       0x20 FreeRTOS/src/variantHooks.o
 .debug_ranges  0x000006a8       0x28 HumidityTempHandler.o
 .debug_ranges  0x000006d0       0x20 main.o
 .debug_ranges  0x000006f0       0x10 ../drivers\libIotLibrary.a(hal.o)
 .debug_ranges  0x00000700       0x58 ../drivers\libIotLibrary.a(hih8120.o)
 .debug_ranges  0x00000758       0x58 ../drivers\libIotLibrary.a(led.o)
 .debug_ranges  0x000007b0      0x128 ../drivers\libIotLibrary.a(lora_driver.o)
 .debug_ranges  0x000008d8       0x30 ../drivers\libIotLibrary.a(lora_driver_utils.o)
 .debug_ranges  0x00000908       0x60 ../drivers\libIotLibrary.a(mega_register_access.o)
 .debug_ranges  0x00000968       0x40 ../drivers\libIotLibrary.a(mh_z19.o)
 .debug_ranges  0x000009a8       0x98 ../drivers\libIotLibrary.a(serial.o)
 .debug_ranges  0x00000a40       0x28 ../drivers\libIotLibrary.a(stdio_driver.o)
 .debug_ranges  0x00000a68       0x40 ../drivers\libIotLibrary.a(twi.o)
 .debug_ranges  0x00000aa8       0x10 ../drivers\libIotLibrary.a(fifo.o)

.debug_macro
 *(.debug_macro)
OUTPUT(IOT_test_3.elf elf32-avr)
LOAD linker stubs
